scroll_unroll: placed=output\experiments\pherc0826_sparse_graph_scale_stress_20260810\baseline out=output\experiments\pherc0826_sparse_graph_scale_stress_20260810\downstream\parent raw=output\experiments\pherc0826_sparse_graph_scale_stress_20260810\halo_grid\cubes_RAW id=parent steps=12345 du=1.00 dv=1.00 band=32768
[pieces] 147 cubes -> 343402 verts, 317265 kept faces; u=[256,191429] (191173 vox) v=[12672,13056] (0.31s)
[raw] pre-warmed 405 cubes (0 missing) (1.4s)
[step1] 191174x385 px (origin u=256 v=12672), 6 band(s): 5.1% filled, multi=1924328 (51.33% of filled), skip_uv=88 skip_3d=0 faces, window=[41,184], raw cubes 405 loaded / 0 missing (9.9s)
[seams] 3703 seam columns from 147 cubes
[step1_ribbon] metrics: fill=5.1% multi=51.33% dark=0.33% seam_dcol=12.97 base_dcol=10.41 seam_ratio=1.25 (2145 seam cols)
[step1_ribbon] vseams: 2 rows gap_fill=0.00 ratio=1.26
[step2] weld: shell=64565 pairs=5765 clusters=5765 merged-refs=16087 degen=0 rej(cube/uv)=866718/4218 |du|med=0.73
[step2] relax: bands=6 run=6 reverted=0 no_fiber=0 moved=205093 stretch 1.120->1.080 disp mean=1.61 max=40.00 (56.0s)
[step2] bake: 5.2% filled, multi=1933212 (5.3s)
[step2_join] metrics: fill=5.2% multi=50.95% dark=0.35% seam_dcol=12.84 base_dcol=10.64 seam_ratio=1.21 (2327 seam cols)
[step2_join] vseams: 2 rows gap_fill=0.90 ratio=1.10
[step3] seam_own: pairs true=73824 seam=3404 mystery=81; 5300 regions (24958 layers, max 28059 f) picks vote/energy/largest=223/401/4676 multicut=5 skip cap/grid=0/0; dropped=40211 of 317265; seams=45 (abut 30, skip 0) drop=0 restore=2; cells 26640->72 (0.3%) E=20.17 (1.6s)
[step3] diagnostic OBJ split: scroll=277054 faces leftover=40211 faces; XYZ and UV pairs written (output\experiments\pherc0826_sparse_graph_scale_stress_20260810\downstream\parent/parent_scroll_xyz.obj, output\experiments\pherc0826_sparse_graph_scale_stress_20260810\downstream\parent/parent_leftover_xyz.obj, output\experiments\pherc0826_sparse_graph_scale_stress_20260810\downstream\parent/parent_scroll_uv.obj, output\experiments\pherc0826_sparse_graph_scale_stress_20260810\downstream\parent/parent_leftover_uv.obj)
[step3] bake (diagnostic-only; source preserved): 5.2% filled, multi=1933212 (50.95% of filled, was 51.33%), skip_own=0 faces; diagnostic_would_drop=40211 (10.9s)
[step3_overlap] metrics: fill=5.2% multi=50.95% dark=0.35% seam_dcol=12.84 base_dcol=10.64 seam_ratio=1.21 (2327 seam cols)
[step3_overlap] vseams: 2 rows gap_fill=0.90 ratio=1.10
[step3] ownership quarantined: preserved all 317265 faces and immutable UV for downstream stages
[step4] two-pass snap (global): dark=19222 fixable=11598 crack=7624 rejected=4607; regions=2784 (fix=487 anch=165) max=232; repair moved=8987 reverted=53 mean=3.33 max=8.00 quilt=7807.5 target_dist=3.27 qfb=0; recto support=0 moved=0 reverted=0 slope=0 mean=0.00 max=0.00 iter=0 (1.7s)
[step4] bake: 5.2% filled, multi=1933212 (10.5s)
[step4_snap] metrics: fill=5.2% multi=50.95% dark=0.20% seam_dcol=12.86 base_dcol=10.63 seam_ratio=1.21 (2327 seam cols)
[step4_snap] vseams: 2 rows gap_fill=0.90 ratio=1.09
[step5] relax: bands=6 run=6 reverted=0 no_fiber=0 moved=202514 stretch 1.095->1.085 disp mean=0.64 max=39.82 (44.5s)
[step5] bake: 5.1% filled, multi=1930648 (5.4s)
[step5_relax] metrics: fill=5.1% multi=50.96% dark=0.21% seam_dcol=13.00 base_dcol=10.69 seam_ratio=1.22 (2356 seam cols)
[step5_relax] vseams: 2 rows gap_fill=0.91 ratio=1.09
---- summary ----------------------------------------------
stage               fill%   multi%    dark%    seamR   vfill  vseamR  synth%   drop_own     secs
step1_ribbon         5.1%   51.33%    0.33%     1.25    0.00    1.26   0.00%          0      9.9
step2_join           5.2%   50.95%    0.35%     1.21    0.90    1.10   0.00%          0     61.4
step3_overlap        5.2%   50.95%    0.35%     1.21    0.90    1.10   0.00%          0     13.5
step4_snap           5.2%   50.95%    0.20%     1.21    0.90    1.09   0.00%          0     12.2
step5_relax          5.1%   50.96%    0.21%     1.22    0.91    1.09   0.00%          0     49.9
scroll_unroll: OK (total 154.6s)
